// Jest Snapshot v1, https://goo.gl/fbAQLP

exports[`babel-plugin-lingui-extract-messages should extract JS translations only once inside React components 1`] = `
Object {
  Test: Object {
    origin: Array [
      Array [
        packages/babel-plugin-extract-messages/test/fixtures/jsx/with-react.js,
        3,
      ],
    ],
  },
}
`;

exports[`babel-plugin-lingui-extract-messages should extract all messages from JS files (integration) 1`] = `
Object {
  msg.hello: Object {
    origin: Array [
      Array [
        packages/babel-plugin-extract-messages/test/fixtures/js/integration.js,
        5,
      ],
      Array [
        packages/babel-plugin-extract-messages/test/fixtures/js/integration.js,
        6,
      ],
    ],
  },
}
`;

exports[`babel-plugin-lingui-extract-messages should extract all messages from JS files 1`] = `
Object {
  msg.default: Object {
    defaults: Hello World,
    origin: Array [
      Array [
        packages/babel-plugin-extract-messages/test/fixtures/js/all.js,
        5,
      ],
      Array [
        packages/babel-plugin-extract-messages/test/fixtures/js/all.js,
        6,
      ],
    ],
  },
  msg.hello: Object {
    origin: Array [
      Array [
        packages/babel-plugin-extract-messages/test/fixtures/js/all.js,
        4,
      ],
    ],
  },
  {count, plural, one {# book} other {# books}}: Object {
    origin: Array [
      Array [
        packages/babel-plugin-extract-messages/test/fixtures/js/all.js,
        7,
      ],
    ],
  },
}
`;

exports[`babel-plugin-lingui-extract-messages should extract all messages from JSX files (integration) 1`] = `
Object {
  Title: Object {
    origin: Array [
      Array [
        packages/babel-plugin-extract-messages/test/fixtures/jsx/integration.js,
        7,
      ],
      Array [
        packages/babel-plugin-extract-messages/test/fixtures/jsx/integration.js,
        16,
      ],
      Array [
        packages/babel-plugin-extract-messages/test/fixtures/jsx/integration.js,
        17,
      ],
    ],
  },
  {count, plural, one {# book} other {# books}}: Object {
    origin: Array [
      Array [
        packages/babel-plugin-extract-messages/test/fixtures/jsx/integration.js,
        9,
      ],
      Array [
        packages/babel-plugin-extract-messages/test/fixtures/jsx/integration.js,
        19,
      ],
      Array [
        packages/babel-plugin-extract-messages/test/fixtures/jsx/integration.js,
        24,
      ],
    ],
  },
}
`;

exports[`babel-plugin-lingui-extract-messages should extract all messages from JSX files 1`] = `
Object {
  Hi, my name is <0>{name}</0>: Object {
    origin: Array [
      Array [
        packages/babel-plugin-extract-messages/test/fixtures/jsx/all.js,
        9,
      ],
    ],
  },
  msg.default: Object {
    defaults: Hello World,
    origin: Array [
      Array [
        packages/babel-plugin-extract-messages/test/fixtures/jsx/all.js,
        7,
      ],
      Array [
        packages/babel-plugin-extract-messages/test/fixtures/jsx/all.js,
        8,
      ],
    ],
  },
  msg.hello: Object {
    origin: Array [
      Array [
        packages/babel-plugin-extract-messages/test/fixtures/jsx/all.js,
        6,
      ],
    ],
  },
  {count, plural, one {# book} other {# books}}: Object {
    origin: Array [
      Array [
        packages/babel-plugin-extract-messages/test/fixtures/jsx/all.js,
        10,
      ],
    ],
  },
}
`;

exports[`babel-plugin-lingui-extract-messages should extract all messages from JSX files with macro (integration) 1`] = `
Object {
  Title: Object {
    origin: Array [
      Array [
        packages/babel-plugin-extract-messages/test/fixtures/jsx/integration-with-macro.js,
        7,
      ],
      Array [
        packages/babel-plugin-extract-messages/test/fixtures/jsx/integration-with-macro.js,
        16,
      ],
      Array [
        packages/babel-plugin-extract-messages/test/fixtures/jsx/integration-with-macro.js,
        17,
      ],
    ],
  },
  {count, plural, one {# book} other {# books}}: Object {
    origin: Array [
      Array [
        packages/babel-plugin-extract-messages/test/fixtures/jsx/integration-with-macro.js,
        9,
      ],
      Array [
        packages/babel-plugin-extract-messages/test/fixtures/jsx/integration-with-macro.js,
        19,
      ],
      Array [
        packages/babel-plugin-extract-messages/test/fixtures/jsx/integration-with-macro.js,
        24,
      ],
    ],
  },
}
`;

exports[`babel-plugin-lingui-extract-messages should extract noop strings 1`] = `
Object {
  Czech: Object {
    origin: Array [
      Array [
        packages/babel-plugin-extract-messages/test/fixtures/noop/actual.js,
        5,
      ],
    ],
  },
  English: Object {
    origin: Array [
      Array [
        packages/babel-plugin-extract-messages/test/fixtures/noop/actual.js,
        4,
      ],
    ],
  },
}
`;
